[lycka-group.com/index.html]
[backblue.gif]
[fade.gif]
[index.html]
[lycka-group.com/css/bootstrap.min.css]
[lycka-group.com/css/font-awesome.min.css]
[lycka-group.com/css/line-icons.css]
[lycka-group.com/css/owl.carousel.css]
[lycka-group.com/css/owl.theme.css]
[lycka-group.com/css/nivo-lightbox.css]
[lycka-group.com/css/magnific-popup.css]
[lycka-group.com/css/animate.css]
[lycka-group.com/css/menu_sideslide.css]
[lycka-group.com/css/main.css]
[lycka-group.com/css/responsive.css]
[lycka-group.com/index-2.html]
[lycka-group.com/img/lycka.png]
[lycka-group.com/js/jquery-min.js]
[lycka-group.com/js/tether.min.js]
[lycka-group.com/js/classie.js]
[lycka-group.com/js/bootstrap.min.js]
[lycka-group.com/js/mixitup.min.js]
[lycka-group.com/js/nivo-lightbox.js]
[lycka-group.com/js/owl.carousel.min.js]
[lycka-group.com/js/jquery.stellar.min.js]
[lycka-group.com/js/jquery.nav.js]
[lycka-group.com/js/smooth-scroll.js]
[lycka-group.com/js/smooth-on-scroll.js]
[lycka-group.com/js/wow.js]
[lycka-group.com/js/menu.js]
[lycka-group.com/js/jquery.vide.js]
[lycka-group.com/js/jquery.counterup.min.js]
[lycka-group.com/js/jquery.magnific-popup.min.js]
[lycka-group.com/js/waypoints.min.js]
[lycka-group.com/js/form-validator.min.js]
[lycka-group.com/js/contact-form-script.js]
[lycka-group.com/index.html]
[lycka-group.com/index-2.html]
[lycka-group.com/css/bootstrap.min.css]
[lycka-group.com/js/main.js]
[lycka-group.com/img/lycka.png]
[lycka-group.com/js/jquery-min.js]
[lycka-group.com/js/tether.min.js]
[lycka-group.com/fonts/fontawesome-webfont3e6e.eot]
[lycka-group.com/js/mixitup.min.js]
[lycka-group.com/js/bootstrap.min.js]
[lycka-group.com/js/classie.js]
[lycka-group.com/js/nivo-lightbox.js]
[lycka-group.com/js/owl.carousel.min.js]
[lycka-group.com/fonts/fontawesome-webfontd41d.eot]
[lycka-group.com/js/jquery.stellar.min.js]
[lycka-group.com/js/jquery.nav.js]
[lycka-group.com/js/smooth-scroll.js]
[lycka-group.com/js/smooth-on-scroll.js]
[lycka-group.com/fonts/fontawesome-webfont3e6e.woff]
[lycka-group.com/js/wow.js]
[lycka-group.com/fonts/fontawesome-webfont3e6e.ttf]
[lycka-group.com/css/font-awesome.min.css]
[lycka-group.com/js/menu.js]
[lycka-group.com/fonts/Linearicons-Free54e9.eot]
[lycka-group.com/js/jquery.vide.js]
[lycka-group.com/fonts/Linearicons-Freed41d.eot]
[lycka-group.com/js/jquery.counterup.min.js]
[lycka-group.com/js/jquery.magnific-popup.min.js]
[lycka-group.com/js/waypoints.min.js]
[lycka-group.com/fonts/Linearicons-Free54e9.woff]
[lycka-group.com/js/form-validator.min.js]
[lycka-group.com/js/contact-form-script.js]
[lycka-group.com/fonts/Linearicons-Free54e9.ttf]
[lycka-group.com/js/main.js]
[lycka-group.com/fonts/fontawesome-webfont3e6e.eot]
[lycka-group.com/css/line-icons.css]
[lycka-group.com/fonts/fontawesome-webfontd41d.eot]
[lycka-group.com/fonts/fontawesome-webfont3e6e.woff]
[lycka-group.com/fonts/fontawesome-webfont3e6e.ttf]
[lycka-group.com/css/owl.carousel.css]
[lycka-group.com/fonts/Linearicons-Free54e9.eot]
[lycka-group.com/fonts/Linearicons-Freed41d.eot]
[lycka-group.com/fonts/Linearicons-Free54e9.woff]
[lycka-group.com/css/owl.theme.css]
[lycka-group.com/css/nivo-lightbox.css]
[lycka-group.com/css/magnific-popup.css]
[lycka-group.com/css/animate.css]
[lycka-group.com/css/menu_sideslide.css]
[lycka-group.com/img/bg_2.jpg]
[lycka-group.com/css/main.css]
[lycka-group.com/css/responsive.css]
[lycka-group.com/fonts/fontawesome-webfont3e6e.html]
[lycka-group.com/fonts/fontawesome-webfont3e6e.svg]
[lycka-group.com/fonts/Linearicons-Free54e9.html]
[lycka-group.com/fonts/Linearicons-Free54e9.svg]
[lycka-group.com/css/grabbing.html]
[lycka-group.com/css/AjaxLoader.html]
[lycka-group.com/img/hero-area.html]
[lycka-group.com/img/bg1.jpg]
